*.trac.wordpress.org, *.svn.wordpress.org, *.git.wordpress.org
Confidence Domains
Create Block Theme
Dia on MacOS
Dia on Windows
Playground
SQLite Database Integration
Secure Custom Fields
activate.3cx.com
downloads-global.3cx.com
github.com/wordpress
https://apps.apple.com/us/app/t-life/id1111876388
https://marketplace.atlassian.com/apps/1211562/checklists-for-jira-enterprise-by-herocoders?tab=overview&hosting=cloud
https://marketplace.atlassian.com/apps/1213231/checklists-for-jira-pro-by-herocoders?hosting=cloud
https://marketplace.atlassian.com/apps/1219213/clockwork-pro-for-jira-time-tracking-and-timesheets?hosting=cloud
https://marketplace.atlassian.com/apps/1220137/portfolio-by-herocoders-structure-ppm-for-jira-capacity?tab=overview&hosting=cloud
https://marketplace.atlassian.com/apps/1220209/checklists-for-jira-free-by-herocoders?hosting=cloud
https://marketplace.atlassian.com/apps/1220750/clockwork-lite-time-tracker-time-tracking-and-timesheets?hosting=cloud
https://marketplace.atlassian.com/apps/1221161/uml-for-confluence-cloud?hosting=cloud&tab=overview
https://marketplace.atlassian.com/apps/1223139/acceptance-criteria-for-jira-free?hosting=cloud
https://marketplace.atlassian.com/apps/1224380/microsoft-power-bi-for-confluence?hosting=cloud&tab=overview
https://marketplace.atlassian.com/apps/1224419/microsoft-stream-for-confluence?hosting=cloud&tab=overview
https://marketplace.atlassian.com/apps/1224583/microsoft-forms-for-confluence-cloud?hosting=cloud&tab=overview
https://marketplace.atlassian.com/apps/1224584/google-forms-for-confluence?hosting=cloud&tab=overview
https://marketplace.atlassian.com/apps/1226883/google-sheets-for-confluence-workspace-connector?hosting=cloud&tab=overview
https://marketplace.atlassian.com/apps/1226884/google-docs-for-confluence-workspace-connector?hosting=cloud&tab=overview
https://marketplace.atlassian.com/apps/1226885/google-slides-workspace-connector-for-confluence?hosting=cloud&tab=overview
https://marketplace.atlassian.com/apps/1228694/revyz-backup-restore?hosting=cloud&tab=overview
https://marketplace.atlassian.com/apps/1230009/issue-ai-analytics-for-jira-cloud-private-ai?hosting=datacenter
https://marketplace.atlassian.com/apps/1231249/microsoft-power-apps-for-jira?hosting=cloud&tab=overview
https://marketplace.atlassian.com/apps/1231250/microsoft-power-apps-for-confluence?hosting=cloud&tab=overview
https://marketplace.atlassian.com/apps/1231935/revyz-configuration-manager-for-jira?hosting=cloud&tab=overview
https://marketplace.atlassian.com/apps/1232736/revyz-assets-data-manager-for-jira?hosting=cloud&tab=overview
https://marketplace.atlassian.com/apps/1233056/revyz-data-manager-for-confluence?hosting=cloud&tab=overview
https://marketplace.atlassian.com/apps/1236956/power-bi-for-jira-embed-and-share-reports?hosting=cloud&tab=overview
https://marketplace.atlassian.com/apps/1237433/snapmetrics-real-time-analytics?hosting=cloud&tab=overview
https://marketplace.atlassian.com/apps/628301060/tik-for-jira?hosting=cloud&tab=overview
https://www.vr.fi/
mailproxy.3cx.com
repo.3cx.com
rps.3cx.com
wmr.3cx.net
